// Jest Snapshot v1, https://goo.gl/fbAQLP

exports[`generateLinkedList should generate linked list from values 1 1`] = `
{
  "next": {
    "next": {
      "next": {
        "next": null,
        "value": null,
      },
      "value": "code",
    },
    "value": "sleep",
  },
  "value": "eat",
}
`;

exports[`generateLinkedList should generate linked list from values 2 1`] = `
{
  "next": {
    "next": {
      "next": {
        "next": null,
        "value": null,
      },
      "value": "code",
    },
    "value": "sleep",
  },
  "value": "eat",
}
`;
